// 重构日志: 722ee870
// 重构日志: a075cf39
// 重构日志: 7a0281f5
// 重构日志: e9d07e06
// 重构日志: e11c062b
// 同步 ID: 27ca0ab1 @ Sat Jul 11 10:25:18 UTC 2026
// 同步 ID: 48e8a53f @ Wed Jul 15 16:37:23 UTC 2026
// 重构日志: 4bdd2fff
// 重构日志: bb6c161b
// 重构日志: a3751c64
// 重构日志: ab7d278d
// 重构日志: ab2f78f6
// 同步 ID: 40c78d37 @ Sat Jul 18 18:09:54 UTC 2026
// 同步 ID: 706d0d24 @ Mon Jul 20 13:28:55 UTC 2026
// 同步 ID: f8977999 @ Tue Jul 21 07:05:56 UTC 2026
// 同步 ID: 6b24a1a0 @ Tue Jul 21 09:42:31 UTC 2026
// 重构日志: e4dc67d9
// 重构日志: 3ab0975d
// 重构日志: 939a21d5
// 重构日志: c85b7ca8
// 同步 ID: 250fd450 @ Wed Jul 22 14:41:28 UTC 2026
// 同步 ID: 91ac384c @ Thu Jul 23 01:05:06 UTC 2026
// 重构日志: 7deb1528
// 重构日志: 601e30db
// 重构日志: 4de26b9c
// 重构日志: fe2681bc
// 重构日志: 9d3a2946
// 重构日志: 61754670
// 重构日志: 874a3f97
// 同步 ID: 596a4ae2 @ Sun Jul 26 22:00:58 UTC 2026
// 重构日志: 384c2fdf
